// Jest Snapshot v1, https://goo.gl/fbAQLP

exports[`ResultsList renders properly 1`] = `ShallowWrapper {}`;
