// Jest Snapshot v1, https://goo.gl/fbAQLP

exports[`CheckoutItem renders properly 1`] = `ShallowWrapper {}`;
