// Jest Snapshot v1, https://goo.gl/fbAQLP

exports[`Dropdown renders properly 1`] = `ShallowWrapper {}`;
