// Jest Snapshot v1, https://goo.gl/fbAQLP

exports[`OrderItem renders properly 1`] = `ShallowWrapper {}`;
