// Jest Snapshot v1, https://goo.gl/fbAQLP

exports[`renders snapshot 1`] = `
<button
  className="test"
>
  Test Button
</button>
`;
